// Jest Snapshot v1, https://goo.gl/fbAQLP

exports[`Alert renders properly 1`] = `
<div
  aria-live="polite"
  class="alert alert-success"
  role="alert"
>
  <p />
</div>
`;
