// Jest Snapshot v1, https://goo.gl/fbAQLP

exports[`Footer should match previous snapshot 1`] = `
<footer
  className="container"
  role="contentinfo"
>
  <div
    dangerouslySetInnerHTML={
      Object {
        "__html": "",
      }
    }
  />
</footer>
`;
