// Jest Snapshot v1, https://goo.gl/fbAQLP

exports[`Header should match previous snapshot 1`] = `
<header
  role="banner"
>
  <div
    className="container-fluid"
  >
    <div
      className="container"
    >
      <div
        className="header-container__top"
        dangerouslySetInnerHTML={
          Object {
            "__html": "",
          }
        }
      />
      <div
        className="header-container__bottom"
        dangerouslySetInnerHTML={
          Object {
            "__html": "",
          }
        }
      />
    </div>
  </div>
  <div
    id="gradientBorder"
  />
</header>
`;
